[2026-07-09 11:06:06] == [ CONFIGURING COTAN WORKFLOW ] ==========================================================================
[2026-07-09 11:06:06] > Setting up conflict resolution...
[2026-07-09 11:06:06] > Setting up parallel processing...
[2026-07-09 11:06:06]   * Log file initialized at: /data/lorenzo_delitala/cotan_pipeline_3.log
[2026-07-09 11:06:06]   * Logging level set to: 3
[2026-07-09 11:06:06] -- [ Configuration Complete ] ------------------------------------------------------------------------------


[2026-07-09 11:07:15] == [ COTAN INITIALIZATION ] ================================================================================
[2026-07-09 11:07:15] > Extracting raw counts from Seurat object...
[2026-07-09 11:07:15] > Rounding decimal values to integers...
[2026-07-09 11:07:15] > Creating COTAN object & base metadata...

[2026-07-09 11:07:15] .:: Executing COTAN() ::.
[2026-07-09 11:07:15]   
[2026-07-09 11:07:15] > parameters for COTAN object:
[2026-07-09 11:07:15]   * GEO ID: arrigoni2023
[2026-07-09 11:07:15]   * Sequencing Method: 10XV1
[2026-07-09 11:07:15]   * Sample Condition: prova

[2026-07-09 11:07:15] .:: Executing initializeMetaDataset() ::.
[2026-07-09 11:07:15] Initializing `COTAN` meta-data
[2026-07-09 11:07:15]   
[2026-07-09 11:07:15] > Transferring metadata (percent.mt)...
[2026-07-09 11:07:15] > Extracting cell origins from barcodes...
[2026-07-09 11:07:15]   * Diagnostic: All barcodes formatted correctly.
[2026-07-09 11:07:15]   * Origin Summary: [ SRR26127904: 1053 | SRR26127905: 1012 | SRR26127906: 933 | SRR26127907: 902 | SRR26127908: 846 | SRR26127909: 928 | SRR26127910: 934 | SRR26127911: 907 ]

[2026-07-09 11:07:15] .:: Executing addCondition() ::.
[2026-07-09 11:07:16]   
[2026-07-09 11:07:16] -- [ Initialization Complete ] -----------------------------------------------------------------------------


[2026-07-09 11:07:16] == [ COTAN CLEANING ] ======================================================================================
[2026-07-09 11:07:16] > Cleaning parameters:
[2026-07-09 11:07:16]   * Cells cutoff: 0.003000
[2026-07-09 11:07:16]   * Genes cutoff: 0.002000
[2026-07-09 11:07:16]   * Cells threshold: 0.990000
[2026-07-09 11:07:16]   * Genes threshold: 0.990000

[2026-07-09 11:07:16] > Initial matrix dimensions:
[2026-07-09 11:07:16]   * Cells: 7515
[2026-07-09 11:07:16]   * Genes: 10000

[2026-07-09 11:07:16] .:: Executing clean() ::.
[2026-07-09 11:07:16] Asked to drop 8209 genes and 0 cells
[2026-07-09 11:07:16] Asked to drop 0 genes and 3876 cells
[2026-07-09 11:07:16] Genes/cells selection done: dropped [8209] genes and [3876] cells
[2026-07-09 11:07:16] Working on [1791] genes and [3639] cells
[2026-07-09 11:07:16]   
[2026-07-09 11:07:16] > Final matrix dimensions after cleaning:
[2026-07-09 11:07:16]   * Cells: 3639
[2026-07-09 11:07:16]   * Genes: 1791

[2026-07-09 11:07:16] > Summary of removed elements:
[2026-07-09 11:07:16]   * Cells: 3876
[2026-07-09 11:07:16]   * Genes: 8209

[2026-07-09 11:07:16] Asked to drop 646 genes and 1271 cells
[2026-07-09 11:07:16] -- [ Cleaning Complete ] -----------------------------------------------------------------------------------


[2026-07-09 11:07:16] == [ PREPARING COTAN OBJECT ] ==============================================================================
[2026-07-09 11:07:16] .:: Executing estimateLambdaLinear() ::.
[2026-07-09 11:07:16]   
[2026-07-09 11:07:16] > Lambda estimation complete. Summary statistics:
[2026-07-09 11:07:16]   * Mean Lambda: 0.060203
[2026-07-09 11:07:16]   * Std Dev Lambda: 0.561351
[2026-07-09 11:07:16]   * Median Lambda: 0.002956
[2026-07-09 11:07:16]   * Min Lambda: 0.000422
[2026-07-09 11:07:16]   * Max Lambda: 15.194679

[2026-07-09 11:07:16] .:: Executing estimateNuLinear() ::.
[2026-07-09 11:07:16]   
[2026-07-09 11:07:16] > Nu estimation complete. Summary statistics:
[2026-07-09 11:07:16]   * Mean Nu: 1.000000
[2026-07-09 11:07:16]   * Std Dev Nu: 1.678835
[2026-07-09 11:07:16]   * Median Nu: 0.043521
[2026-07-09 11:07:16]   * Min Nu: 0.014507
[2026-07-09 11:07:16]   * Max Nu: 13.506062

[2026-07-09 11:07:16] > Preparing for COEX calculation with parameters:
[2026-07-09 11:07:16]   * Threshold: 0.010000
[2026-07-09 11:07:16]   * Cores: 22
[2026-07-09 11:07:16]   * Maximum Iterations: 100
[2026-07-09 11:07:16]   * Chunk Size: 1024

[2026-07-09 11:07:16] .:: Executing estimateDispersionViaSolver() ::.
[2026-07-09 11:07:16] Estimate `dispersion`: START
[2026-07-09 11:07:16] Effective number of cores used: 22
[2026-07-09 11:07:16] Executing 2 genes batches
[2026-07-09 11:07:17] Parallel dispersion Newton-Raphson: used up to 6 iterations
[2026-07-09 11:07:18] Parallel dispersion Newton-Raphson: used up to 6 iterations
[2026-07-09 11:07:26] Total calculations elapsed time: 10.2974281311035
[2026-07-09 11:07:26] Estimate `dispersion`: DONE
[2026-07-09 11:07:26] Estimate `dispersion`: DONE
[2026-07-09 11:07:26] `dispersion` | min: -702.958624963802 | max: 5.67696862785888 | % negative: 97.9039301310044
[2026-07-09 11:07:26]   
[2026-07-09 11:07:26] -- [ Preparing COEX Complete ] -----------------------------------------------------------------------------


