[2026-07-27 19:45:46] ⇡   ✔ Done.
[2026-07-27 19:45:46] ┃   ❖ Setting up conflict resolution (zeallot)...
[2026-07-27 19:45:46] ┃   ❖ Setting up parallel processing...
[2026-07-27 19:45:46] ┃    » Logging level set to: 3
[2026-07-27 19:45:46] ┃    » Logging path set to: /data/lorenzo_delitala/data/project_files/arrigoni/logs/cotan_calc_16.log
[2026-07-27 19:45:46] ┗━━
[2026-07-27 19:45:46] ┏━━ ADD GENE INFO FROM T2G
[2026-07-27 19:45:46] ┃   ❖ Getting mapping vector...
[2026-07-27 19:45:46] ┃   ┏━━ GET MAPPING VECTOR
[2026-07-27 19:45:46] ┃   ┃   ❖ Retrieving the data...
[2026-07-27 19:45:46] ┃   ┃   ❖ Creating the vector...
[2026-07-27 19:45:46] ┃   ┃    » TSV file path: /data/lorenzo_delitala/data/project_files/arrigoni/t2gene_name.tsv
[2026-07-27 19:45:46] ┃   ┗━━
[2026-07-27 19:45:46] ┃   ❖ Adding genes metadata...
[2026-07-27 19:45:46] ┃   ┏━━ ADD GENES METADATA
[2026-07-27 19:45:46] ┃   ┃   ❖ Aligning data to transcripts...
[2026-07-27 19:45:46] ┃   ┃   ❖ Setting column in metadata dataframe...
[2026-07-27 19:45:46] ┃   ⇣   ▶ setColumnInDF()
[2026-07-27 19:45:46] ┃         ◦ colName: gene_name
[2026-07-27 19:45:46] ┃   ⇡   ✔ Done.
[2026-07-27 19:45:46] ┃   ┃    » Transcripts targeted:   23,675
[2026-07-27 19:45:46] ┃   ┗━━
[2026-07-27 19:45:46] ┗━━
[2026-07-27 19:45:46] ┏━━ EXTRACT DTU CANDIDATES
[2026-07-27 19:45:46] ┃   ❖ Retrieving stored inputs...
[2026-07-27 19:46:03] ┃   ❖ Identifying genes with multiple transcripts...
[2026-07-27 19:46:03] ┃   ❖ Scanning for DTU candidates...
[2026-07-27 19:46:03] ┃   ❖ Phase 1: Filter transcript pairs by mutual exclusivity (COEX and P-value thresholds).
[2026-07-27 19:46:03] ┃   ❖ Phase 2: Check DEA contrast across clusters for reciprocal expression switches.
[2026-07-27 19:46:28] ┃   ❖ Assembling results...
[2026-07-27 19:46:28] ┃   ❖ Formatting cell type arrays for CSV export...
[2026-07-27 19:46:28] ┃    » Genes with multiple transcripts: 4958
[2026-07-27 19:46:28] ┃    » Genes with zero significant mutually exclusive pairs: 4528
[2026-07-27 19:46:28] ┃    » Genes with at least one significant mutually exclusive pair: 430
[2026-07-27 19:46:28] ┃    » Total significant transcript pairs evaluated: 2006
[2026-07-27 19:46:28] ┃    » Filtered out 1985 transcript pairs lacking reciprocal cluster switch.
[2026-07-27 19:46:28] ┃    » Identified 21 DTU events across 9 unique genes.
[2026-07-27 19:46:28] ┃    » Significant pairs coex scores: min = -0.2948, median = -0.0218, mean = -0.0274, max = -0.0114
[2026-07-27 19:46:28] ┃    » Significant pairs p-values: min = 0.0000e+00, median = 1.8834e-04, mean = 6.6701e-03, max = 4.9947e-02
[2026-07-27 19:46:28] ┃    » Significant pairs max DEA contrasts: min = 0.0086, median = 0.0731, mean = 0.0898, max = 0.6143
[2026-07-27 19:46:28] ┗━━
