[2026-07-23 01:22:26] ⇡   ✔ Done.
[2026-07-23 01:22:26] ┃   ❖ Setting up conflict resolution (zeallot)...
[2026-07-23 01:22:26] ┃   ❖ Setting up parallel processing...
[2026-07-23 01:22:26] ┃    » Logging level set to: 3
[2026-07-23 01:22:26] ┃    » Logging path set to: /data/lorenzo_delitala/data/project_files/arrigoni/logs/cotan_calc_7.log
[2026-07-23 01:22:26] ┗━━
[2026-07-23 01:22:26] ┏━━ EXTRACT DTU CANDIDATES
[2026-07-23 01:22:26] ┃   ❖ Retrieving stored inputs...
[2026-07-23 01:22:43] ┃   ❖ Identifying genes with multiple transcripts...
[2026-07-23 01:22:43] ┃   ❖ Scanning for DTU candidates...
[2026-07-23 01:22:43] ┃   ❖ Phase 1: Filter transcript pairs by mutual exclusivity (COEX and P-value thresholds).
[2026-07-23 01:22:43] ┃   ❖ Phase 2: Check DEA contrast across clusters for reciprocal expression switches.
[2026-07-23 01:23:08] ┃   ❖ Assembling results...
[2026-07-23 01:23:08] ┃    » Genes with multiple transcripts: 4958
[2026-07-23 01:23:08] ┃    » Genes with zero significant mutually exclusive pairs: 4528
[2026-07-23 01:23:08] ┃    » Genes with at least one significant mutually exclusive pair: 430
[2026-07-23 01:23:08] ┃    » Total significant transcript pairs evaluated: 2006
[2026-07-23 01:23:08] ┃    » Filtered out 2006 transcript pairs lacking reciprocal cluster switch.
[2026-07-23 01:23:08] ┃    » Significant pairs coex scores: min = -0.2948, median = -0.0218, mean = -0.0274, max = -0.0114
[2026-07-23 01:23:08] ┃    » Significant pairs p-values: min = 0.0000e+00, median = 1.8828e-04, mean = 6.6686e-03, max = 4.9944e-02
[2026-07-23 01:23:08] ┃    » Significant pairs max DEA contrasts: min = 0.0086, median = 0.0731, mean = 0.0898, max = 0.6143
[2026-07-23 01:23:08] ┗━━
