[2026-07-24 14:37:23] ⇡   ✔ Done.
[2026-07-24 14:37:23] ┃   ❖ Setting up conflict resolution (zeallot)...
[2026-07-24 14:37:23] ┃   ❖ Setting up parallel processing...
[2026-07-24 14:37:23] ┃    » Logging level set to: 3
[2026-07-24 14:37:23] ┃    » Logging path set to: /data/lorenzo_delitala/data/project_files/arrigoni/logs/cotan_calc_13.log
[2026-07-24 14:37:23] ┗━━
[2026-07-24 14:37:23] ┏━━ ADD GENE INFO FROM T2G
[2026-07-24 14:37:23] ┃   ❖ Getting mapping vector...
[2026-07-24 14:37:23] ┃   ┏━━ GET MAPPING VECTOR
[2026-07-24 14:37:23] ┃   ┃   ❖ Retrieving the data...
[2026-07-24 14:37:23] ┃   ┃   ❖ Creating the vector...
[2026-07-24 14:37:23] ┃   ┃    » TSV file path: /data/lorenzo_delitala/data/genomes/GRCh38/gene_index/index/t2g_3col.tsv
[2026-07-24 14:37:23] ┃   ┗━━
[2026-07-24 14:37:23] ┃   ❖ Adding genes metadata...
[2026-07-24 14:37:23] ┃   ┏━━ ADD GENES METADATA
[2026-07-24 14:37:23] ┃   ┃   ❖ Aligning data to transcripts...
[2026-07-24 14:37:23] ┃   ┃   ❖ Setting column in metadata dataframe...
[2026-07-24 14:37:23] ┃   ⇣   ▶ setColumnInDF()
[2026-07-24 14:37:23] ┃         ◦ colName: gene_name
[2026-07-24 14:37:23] ┃   ⇡   ✔ Done.
[2026-07-24 14:37:23] ┃   ┃    » Transcripts targeted:   23,675
[2026-07-24 14:37:23] ┃   ┗━━
[2026-07-24 14:37:23] ┗━━
[2026-07-24 14:37:23] ┏━━ EXTRACT DTU CANDIDATES
[2026-07-24 14:37:23] ┃   ❖ Retrieving stored inputs...
[2026-07-24 14:37:39] ┃   ❖ Identifying genes with multiple transcripts...
[2026-07-24 14:37:39] ┃   ❖ Scanning for DTU candidates...
[2026-07-24 14:37:39] ┃   ❖ Phase 1: Filter transcript pairs by mutual exclusivity (COEX and P-value thresholds).
[2026-07-24 14:37:39] ┃   ❖ Phase 2: Check DEA contrast across clusters for reciprocal expression switches.
