[2026-07-27 19:24:58] ⇡   ✔ Done.
[2026-07-27 19:24:58] ┃   ❖ Setting up conflict resolution (zeallot)...
[2026-07-27 19:24:58] ┃   ❖ Setting up parallel processing...
[2026-07-27 19:24:58] ┃    » Logging level set to: 3
[2026-07-27 19:24:58] ┃    » Logging path set to: /data/lorenzo_delitala/data/project_files/arrigoni/logs/init_cotan_4.log
[2026-07-27 19:24:58] ┗━━
[2026-07-27 19:24:58] ┏━━ INITIALIZE COTAN FROM SEURAT
[2026-07-27 19:25:01] ┃   ❖ Checking for non-integer values in counts...
[2026-07-27 19:25:09] ┃   ❖ Creating COTAN object...
[2026-07-27 19:25:09] ⇣   ▶ COTAN()
[2026-07-27 19:25:13] ⇡   ✔ Done.
[2026-07-27 19:25:13] ┃   ❖ Initializing base metadata...
[2026-07-27 19:25:13] ⇣   ▶ initializeMetaDataset()
[2026-07-27 19:25:13]       ◦ GEO: GSE243665 ◦ sequencingMethod: 10xv1 ◦ sampleCondition: Arrigoni2023
[2026-07-27 19:25:13] Initializing `COTAN` meta-data
[2026-07-27 19:25:13] ⇡   ✔ Done.
[2026-07-27 19:25:13] ┃   ❖ Matrix snapshot:
[2026-07-27 19:25:13] ┃     ⎡     Cells           Features    ⎤
[2026-07-27 19:25:13] ┃     ⎣    488,342          232,024     ⎦
[2026-07-27 19:25:13] ┗━━
[2026-07-27 19:25:13] ┏━━ FLAG VALID CELLS FROM TSV
[2026-07-27 19:25:13] ┃   ❖ Getting flagging vector...
[2026-07-27 19:25:13] ┃   ┏━━ GET UNIFORM VECTOR
[2026-07-27 19:25:13] ┃   ┃   ❖ Retrieving the data...
[2026-07-27 19:25:13] ┃   ┃   ❖ Creating the vector...
[2026-07-27 19:25:13] ┃   ┃    » TSV file path: /data/lorenzo_delitala/data/project_files/arrigoni/GSE243665_combined_QC_barcodes.tsv
[2026-07-27 19:25:13] ┃   ┗━━
[2026-07-27 19:25:13] ┃   ❖ Updating cell condition...
[2026-07-27 19:25:13] ┃   ┏━━ UPDATE CELL CONDITION
[2026-07-27 19:25:13] ┃   ┃   ❖ Creating new condition...
[2026-07-27 19:25:13] ┃   ┃   ❖ Stripping suffixes...
[2026-07-27 19:25:13] ┃   ┃   ❖ Finding matching barcodes...
[2026-07-27 19:25:13] ┃   ┃   ❖ Adding Condition...
[2026-07-27 19:25:13] ┃   ⇣   ▶ addCondition()
[2026-07-27 19:25:13] ┃         ◦ condName: passed_QC
[2026-07-27 19:25:13] ┃   ⇡   ✔ Done.
[2026-07-27 19:25:13] ┃   ┃    » Cells updated:   29,606
[2026-07-27 19:25:13] ┃   ┗━━
[2026-07-27 19:25:13] ┗━━
[2026-07-27 19:25:13] ┏━━ FILTER COTAN BY CONDITION
[2026-07-27 19:25:13] ┃   ❖ Looking for cells that do not respect the condition...
[2026-07-27 19:25:13] ┃   ❖ Dropping cells...
[2026-07-27 19:25:13] ⇣   ▶ dropGenesCells()
[2026-07-27 19:25:13] Asked to drop 0 genes and 458736 cells
[2026-07-27 19:25:17] ⇡   ✔ Done.
[2026-07-27 19:25:17] ┃    » Condition name: passed_QC
[2026-07-27 19:25:17] ┃    » Condition value: TRUE
[2026-07-27 19:25:17] ┃   ❖ Matrix variation:
[2026-07-27 19:25:17] ┃     ⎡     Cells           Features    ⎤
[2026-07-27 19:25:17] ┃     ⎢    488,342          232,024     ⎥
[2026-07-27 19:25:17] ┃     ⎢  ▼ 458,736 ▼           0        ⎥
[2026-07-27 19:25:17] ┃     ⎣     29,606          232,024     ⎦
[2026-07-27 19:25:17] ┗━━
[2026-07-27 19:25:17] ┏━━ ADD CELL TYPES FROM TSV
[2026-07-27 19:25:17] ┃   ❖ Getting vectors...
[2026-07-27 19:25:17] ┃   ┏━━ GET UNIFORM VECTOR
[2026-07-27 19:25:17] ┃   ┃   ❖ Retrieving the data...
[2026-07-27 19:25:17] ┃   ┃   ❖ Creating the vector...
[2026-07-27 19:25:17] ┃   ┃    » TSV file path: /data/lorenzo_delitala/data/geo_metadata/arrigoni/GSE243665_A549_barcodes.tsv.gz
[2026-07-27 19:25:17] ┃   ┗━━
[2026-07-27 19:25:17] ┃   ┏━━ GET UNIFORM VECTOR
[2026-07-27 19:25:17] ┃   ┃   ❖ Retrieving the data...
[2026-07-27 19:25:17] ┃   ┃   ❖ Creating the vector...
[2026-07-27 19:25:17] ┃   ┃    » TSV file path: /data/lorenzo_delitala/data/geo_metadata/arrigoni/GSE243665_CCL-185-IG_barcodes.tsv.gz
[2026-07-27 19:25:17] ┃   ┗━━
[2026-07-27 19:25:17] ┃   ┏━━ GET UNIFORM VECTOR
[2026-07-27 19:25:17] ┃   ┃   ❖ Retrieving the data...
[2026-07-27 19:25:17] ┃   ┃   ❖ Creating the vector...
[2026-07-27 19:25:17] ┃   ┃    » TSV file path: /data/lorenzo_delitala/data/geo_metadata/arrigoni/GSE243665_CRL5868_barcodes.tsv.gz
[2026-07-27 19:25:17] ┃   ┗━━
[2026-07-27 19:25:17] ┃   ┏━━ GET UNIFORM VECTOR
[2026-07-27 19:25:17] ┃   ┃   ❖ Retrieving the data...
[2026-07-27 19:25:17] ┃   ┃   ❖ Creating the vector...
[2026-07-27 19:25:17] ┃   ┃    » TSV file path: /data/lorenzo_delitala/data/geo_metadata/arrigoni/GSE243665_DV90_barcodes.tsv.gz
[2026-07-27 19:25:17] ┃   ┗━━
[2026-07-27 19:25:17] ┃   ┏━━ GET UNIFORM VECTOR
[2026-07-27 19:25:17] ┃   ┃   ❖ Retrieving the data...
[2026-07-27 19:25:17] ┃   ┃   ❖ Creating the vector...
[2026-07-27 19:25:17] ┃   ┃    » TSV file path: /data/lorenzo_delitala/data/geo_metadata/arrigoni/GSE243665_HCC78_barcodes.tsv.gz
[2026-07-27 19:25:17] ┃   ┗━━
[2026-07-27 19:25:17] ┃   ┏━━ GET UNIFORM VECTOR
[2026-07-27 19:25:17] ┃   ┃   ❖ Retrieving the data...
[2026-07-27 19:25:17] ┃   ┃   ❖ Creating the vector...
[2026-07-27 19:25:17] ┃   ┃    » TSV file path: /data/lorenzo_delitala/data/geo_metadata/arrigoni/GSE243665_HTB178_barcodes.tsv.gz
[2026-07-27 19:25:17] ┃   ┗━━
[2026-07-27 19:25:17] ┃   ┏━━ GET UNIFORM VECTOR
[2026-07-27 19:25:17] ┃   ┃   ❖ Retrieving the data...
[2026-07-27 19:25:17] ┃   ┃   ❖ Creating the vector...
[2026-07-27 19:25:17] ┃   ┃    » TSV file path: /data/lorenzo_delitala/data/geo_metadata/arrigoni/GSE243665_PBMCs_barcodes.tsv.gz
[2026-07-27 19:25:17] ┃   ┗━━
[2026-07-27 19:25:17] ┃   ┏━━ GET UNIFORM VECTOR
[2026-07-27 19:25:17] ┃   ┃   ❖ Retrieving the data...
[2026-07-27 19:25:17] ┃   ┃   ❖ Creating the vector...
[2026-07-27 19:25:17] ┃   ┃    » TSV file path: /data/lorenzo_delitala/data/geo_metadata/arrigoni/GSE243665_PC9_barcodes.tsv.gz
[2026-07-27 19:25:17] ┃   ┗━━
[2026-07-27 19:25:17] ┃   ❖ Updating cell clusterization...
[2026-07-27 19:25:17] ┃   ┏━━ UPDATE CELL CLUSTERIZATION
[2026-07-27 19:25:17] ┃   ┃   ❖ Retrieving existing clusterizations...
[2026-07-27 19:25:17] ┃   ┃   ❖ Creating new clusterization...
[2026-07-27 19:25:17] ┃   ┃   ❖ Looking for matching barcodes...
[2026-07-27 19:25:17] ┃   ⇣   ▶ addClusterization()
[2026-07-27 19:25:17] ┃         ◦ clName: Known_Cell_Types
[2026-07-27 19:25:17] ┃   ⇡   ✔ Done.
[2026-07-27 19:25:17] ┃   ┃    » Cells updated:   29,606
[2026-07-27 19:25:17] ┃   ┗━━
[2026-07-27 19:25:17] ┗━━
[2026-07-27 19:25:17] ┏━━ ADD GENE INFO FROM T2G
[2026-07-27 19:25:17] ┃   ❖ Getting mapping vector...
[2026-07-27 19:25:17] ┃   ┏━━ GET MAPPING VECTOR
[2026-07-27 19:25:17] ┃   ┃   ❖ Retrieving the data...
[2026-07-27 19:25:17] ┃   ┃   ❖ Creating the vector...
[2026-07-27 19:25:17] ┃   ┃    » TSV file path: /data/lorenzo_delitala/data/genomes/GRCh38/gene_index/index/t2g_3col.tsv
[2026-07-27 19:25:17] ┃   ┗━━
[2026-07-27 19:25:17] ┃   ❖ Adding genes metadata...
[2026-07-27 19:25:17] ┃   ┏━━ ADD GENES METADATA
[2026-07-27 19:25:17] ┃   ┃   ❖ Aligning data to transcripts...
[2026-07-27 19:25:17] ┃   ┃   ❖ Setting column in metadata dataframe...
[2026-07-27 19:25:17] ┃   ⇣   ▶ setColumnInDF()
[2026-07-27 19:25:17] ┃         ◦ colName: gene_id
[2026-07-27 19:25:17] ┃   ⇡   ✔ Done.
[2026-07-27 19:25:17] ┃   ┃    » Transcripts targeted:  232,024
[2026-07-27 19:25:17] ┃   ┗━━
[2026-07-27 19:25:17] ┗━━
[2026-07-27 19:25:17] ┏━━ CLEAN COTAN DATA
[2026-07-27 19:25:17] ⇣   ▶ clean()
[2026-07-27 19:25:17]       ◦ cellsCutoff: 0.003 ◦ genesCutoff: 0.002 ◦ cellsThreshold: 0.99 ◦ genesThreshold: 0.99
[2026-07-27 19:25:20] Asked to drop 208349 genes and 0 cells
[2026-07-27 19:25:22] Asked to drop 0 genes and 152 cells
[2026-07-27 19:25:24] Genes/cells selection done: dropped [208349] genes and [152] cells
[2026-07-27 19:25:24] Working on [23675] genes and [29454] cells
[2026-07-27 19:25:26] ⇡   ✔ Done.
[2026-07-27 19:25:26] ┃   ❖ Saving COTAN object...
[2026-07-27 19:25:26] ┃   ┏━━ SAVE OBJECT
[2026-07-27 19:25:26] ┃   ┃    » Saving object at: /data/lorenzo_delitala/data/project_files/arrigoni/initialized.cotan.rds
[2026-07-27 19:25:48] ┃   ┗━━
[2026-07-27 19:25:48] ┃   ❖ Matrix variation:
[2026-07-27 19:25:48] ┃     ⎡     Cells           Features    ⎤
[2026-07-27 19:25:48] ┃     ⎢     29,606          232,024     ⎥
[2026-07-27 19:25:48] ┃     ⎢    ▼ 152 ▼        ▼ 208,349 ▼   ⎥
[2026-07-27 19:25:48] ┃     ⎣     29,454           23,675     ⎦
[2026-07-27 19:25:48] ┗━━
