[2026-07-23 00:36:17] ⇡   ✔ Done.
[2026-07-23 00:36:17] ┃   ❖ Setting up conflict resolution (zeallot)...
[2026-07-23 00:36:17] ┃   ❖ Setting up parallel processing...
[2026-07-23 00:36:17] ┃    » Logging level set to: 3
[2026-07-23 00:36:17] ┃    » Logging path set to: /data/lorenzo_delitala/data/project_files/arrigoni/logs/init_cotan_3.log
[2026-07-23 00:36:17] ┗━━
[2026-07-23 00:36:17] ┏━━ INITIALIZE COTAN FROM SEURAT
[2026-07-23 00:36:19] ┃   ❖ Checking for non-integer values in counts...
[2026-07-23 00:36:28] ┃   ❖ Creating COTAN object...
[2026-07-23 00:36:28] ⇣   ▶ COTAN()
[2026-07-23 00:36:31] ⇡   ✔ Done.
[2026-07-23 00:36:31] ┃   ❖ Initializing base metadata...
[2026-07-23 00:36:31] ⇣   ▶ initializeMetaDataset()
[2026-07-23 00:36:31]       ◦ GEO: GSE243665 ◦ sequencingMethod: 10xv1 ◦ sampleCondition: Arrigoni2023
[2026-07-23 00:36:31] Initializing `COTAN` meta-data
[2026-07-23 00:36:31] ⇡   ✔ Done.
[2026-07-23 00:36:31] ┃   ❖ Matrix snapshot:
[2026-07-23 00:36:31] ┃     ⎡     Cells           Features    ⎤
[2026-07-23 00:36:31] ┃     ⎣    488,342          232,024     ⎦
[2026-07-23 00:36:31] ┗━━
[2026-07-23 00:36:31] ┏━━ FLAG VALID CELLS FROM TSV
[2026-07-23 00:36:31] ┃   ❖ Getting flagging vector...
[2026-07-23 00:36:31] ┃   ┏━━ GET UNIFORM VECTOR
[2026-07-23 00:36:31] ┃   ┃   ❖ Retrieving the data...
[2026-07-23 00:36:31] ┃   ┃   ❖ Creating the vector...
[2026-07-23 00:36:31] ┃   ┃    » TSV file path: /data/lorenzo_delitala/data/project_files/arrigoni/GSE243665_combined_QC_barcodes.tsv
[2026-07-23 00:36:31] ┃   ┗━━
[2026-07-23 00:36:31] ┃   ❖ Updating cell condition...
[2026-07-23 00:36:31] ┃   ┏━━ UPDATE CELL CONDITION
[2026-07-23 00:36:31] ┃   ┃   ❖ Creating new condition...
[2026-07-23 00:36:31] ┃   ┃   ❖ Stripping suffixes...
[2026-07-23 00:36:31] ┃   ┃   ❖ Finding matching barcodes...
[2026-07-23 00:36:31] ┃   ┃   ❖ Adding Condition...
[2026-07-23 00:36:31] ┃   ⇣   ▶ addCondition()
[2026-07-23 00:36:31] ┃         ◦ condName: passed_QC
[2026-07-23 00:36:32] ┃   ⇡   ✔ Done.
[2026-07-23 00:36:32] ┃   ┃    » Cells updated:   29,606
[2026-07-23 00:36:32] ┃   ┗━━
[2026-07-23 00:36:32] ┗━━
[2026-07-23 00:36:32] ┏━━ FILTER COTAN BY CONDITION
[2026-07-23 00:36:32] ┃   ❖ Looking for cells that do not respect the condition...
[2026-07-23 00:36:32] ┃   ❖ Dropping cells...
[2026-07-23 00:36:32] ⇣   ▶ dropGenesCells()
[2026-07-23 00:36:32] Asked to drop 0 genes and 458736 cells
[2026-07-23 00:36:35] ⇡   ✔ Done.
[2026-07-23 00:36:35] ┃    » Condition name: passed_QC
[2026-07-23 00:36:35] ┃    » Condition value: TRUE
[2026-07-23 00:36:35] ┃   ❖ Matrix variation:
[2026-07-23 00:36:35] ┃     ⎡     Cells           Features    ⎤
[2026-07-23 00:36:35] ┃     ⎢    488,342          232,024     ⎥
[2026-07-23 00:36:35] ┃     ⎢  ▼ 458,736 ▼           0        ⎥
[2026-07-23 00:36:35] ┃     ⎣     29,606          232,024     ⎦
[2026-07-23 00:36:35] ┗━━
[2026-07-23 00:36:35] ┏━━ ADD CELL TYPES FROM TSV
[2026-07-23 00:36:35] ┃   ❖ Getting vectors...
[2026-07-23 00:36:35] ┃   ┏━━ GET UNIFORM VECTOR
[2026-07-23 00:36:35] ┃   ┃   ❖ Retrieving the data...
[2026-07-23 00:36:35] ┃   ┃   ❖ Creating the vector...
[2026-07-23 00:36:35] ┃   ┃    » TSV file path: /data/lorenzo_delitala/data/geo_metadata/arrigoni/GSE243665_A549_barcodes.tsv.gz
[2026-07-23 00:36:35] ┃   ┗━━
[2026-07-23 00:36:35] ┃   ┏━━ GET UNIFORM VECTOR
[2026-07-23 00:36:35] ┃   ┃   ❖ Retrieving the data...
[2026-07-23 00:36:35] ┃   ┃   ❖ Creating the vector...
[2026-07-23 00:36:35] ┃   ┃    » TSV file path: /data/lorenzo_delitala/data/geo_metadata/arrigoni/GSE243665_CCL-185-IG_barcodes.tsv.gz
[2026-07-23 00:36:35] ┃   ┗━━
[2026-07-23 00:36:35] ┃   ┏━━ GET UNIFORM VECTOR
[2026-07-23 00:36:35] ┃   ┃   ❖ Retrieving the data...
[2026-07-23 00:36:35] ┃   ┃   ❖ Creating the vector...
[2026-07-23 00:36:35] ┃   ┃    » TSV file path: /data/lorenzo_delitala/data/geo_metadata/arrigoni/GSE243665_CRL5868_barcodes.tsv.gz
[2026-07-23 00:36:35] ┃   ┗━━
[2026-07-23 00:36:35] ┃   ┏━━ GET UNIFORM VECTOR
[2026-07-23 00:36:35] ┃   ┃   ❖ Retrieving the data...
[2026-07-23 00:36:35] ┃   ┃   ❖ Creating the vector...
[2026-07-23 00:36:35] ┃   ┃    » TSV file path: /data/lorenzo_delitala/data/geo_metadata/arrigoni/GSE243665_DV90_barcodes.tsv.gz
[2026-07-23 00:36:35] ┃   ┗━━
[2026-07-23 00:36:35] ┃   ┏━━ GET UNIFORM VECTOR
[2026-07-23 00:36:35] ┃   ┃   ❖ Retrieving the data...
[2026-07-23 00:36:35] ┃   ┃   ❖ Creating the vector...
[2026-07-23 00:36:35] ┃   ┃    » TSV file path: /data/lorenzo_delitala/data/geo_metadata/arrigoni/GSE243665_HCC78_barcodes.tsv.gz
[2026-07-23 00:36:35] ┃   ┗━━
[2026-07-23 00:36:35] ┃   ┏━━ GET UNIFORM VECTOR
[2026-07-23 00:36:35] ┃   ┃   ❖ Retrieving the data...
[2026-07-23 00:36:35] ┃   ┃   ❖ Creating the vector...
[2026-07-23 00:36:35] ┃   ┃    » TSV file path: /data/lorenzo_delitala/data/geo_metadata/arrigoni/GSE243665_HTB178_barcodes.tsv.gz
[2026-07-23 00:36:35] ┃   ┗━━
[2026-07-23 00:36:35] ┃   ┏━━ GET UNIFORM VECTOR
[2026-07-23 00:36:35] ┃   ┃   ❖ Retrieving the data...
[2026-07-23 00:36:35] ┃   ┃   ❖ Creating the vector...
[2026-07-23 00:36:35] ┃   ┃    » TSV file path: /data/lorenzo_delitala/data/geo_metadata/arrigoni/GSE243665_PBMCs_barcodes.tsv.gz
[2026-07-23 00:36:35] ┃   ┗━━
[2026-07-23 00:36:35] ┃   ┏━━ GET UNIFORM VECTOR
[2026-07-23 00:36:35] ┃   ┃   ❖ Retrieving the data...
[2026-07-23 00:36:35] ┃   ┃   ❖ Creating the vector...
[2026-07-23 00:36:35] ┃   ┃    » TSV file path: /data/lorenzo_delitala/data/geo_metadata/arrigoni/GSE243665_PC9_barcodes.tsv.gz
[2026-07-23 00:36:35] ┃   ┗━━
[2026-07-23 00:36:35] ┃   ❖ Updating cell clusterization...
[2026-07-23 00:36:35] ┃   ┏━━ UPDATE CELL CLUSTERIZATION
[2026-07-23 00:36:35] ┃   ┃   ❖ Retrieving existing clusterizations...
[2026-07-23 00:36:35] ┃   ┃   ❖ Creating new clusterization...
[2026-07-23 00:36:35] ┃   ┃   ❖ Looking for matching barcodes...
[2026-07-23 00:36:35] ┃   ⇣   ▶ addClusterization()
[2026-07-23 00:36:35] ┃         ◦ clName: Known_Cell_Types
[2026-07-23 00:36:35] ┃   ⇡   ✔ Done.
[2026-07-23 00:36:35] ┃   ┃    » Cells updated:   29,606
[2026-07-23 00:36:35] ┃   ┗━━
[2026-07-23 00:36:35] ┗━━
[2026-07-23 00:36:35] ┏━━ ADD GENE INFO FROM T2G
[2026-07-23 00:36:35] ┃   ❖ Getting mapping vector...
[2026-07-23 00:36:35] ┃   ┏━━ GET MAPPING VECTOR
[2026-07-23 00:36:35] ┃   ┃   ❖ Retrieving the data...
[2026-07-23 00:36:35] ┃   ┃   ❖ Creating the vector...
[2026-07-23 00:36:35] ┃   ┃    » TSV file path: /data/lorenzo_delitala/data/genomes/GRCh38/gene_index/index/t2g_3col.tsv
[2026-07-23 00:36:35] ┃   ┗━━
[2026-07-23 00:36:35] ┃   ❖ Adding genes metadata...
[2026-07-23 00:36:35] ┃   ┏━━ ADD GENES METADATA
[2026-07-23 00:36:35] ┃   ┃   ❖ Aligning data to transcripts...
[2026-07-23 00:36:35] ┃   ┃   ❖ Setting column in metadata dataframe...
[2026-07-23 00:36:35] ┃   ⇣   ▶ setColumnInDF()
[2026-07-23 00:36:35] ┃         ◦ colName: gene_id
[2026-07-23 00:36:36] ┃   ⇡   ✔ Done.
[2026-07-23 00:36:36] ┃   ┃    » Transcripts targeted:  232,024
[2026-07-23 00:36:36] ┃   ┗━━
[2026-07-23 00:36:36] ┗━━
[2026-07-23 00:36:36] ┏━━ CLEAN COTAN DATA
[2026-07-23 00:36:36] ⇣   ▶ clean()
[2026-07-23 00:36:36]       ◦ cellsCutoff: 0.003 ◦ genesCutoff: 0.002 ◦ cellsThreshold: 0.99 ◦ genesThreshold: 0.99
[2026-07-23 00:36:38] Asked to drop 208349 genes and 0 cells
[2026-07-23 00:36:40] Asked to drop 0 genes and 152 cells
[2026-07-23 00:36:42] Genes/cells selection done: dropped [208349] genes and [152] cells
[2026-07-23 00:36:42] Working on [23675] genes and [29454] cells
[2026-07-23 00:36:44] ⇡   ✔ Done.
[2026-07-23 00:36:44] ┃   ❖ Saving COTAN object...
[2026-07-23 00:36:44] ┃   ┏━━ SAVE OBJECT
[2026-07-23 00:36:44] ┃   ┃    » Saving object at: /data/lorenzo_delitala/data/project_files/arrigoni/initialized.cotan.rds
[2026-07-23 00:37:06] ┃   ┗━━
[2026-07-23 00:37:06] ┃   ❖ Matrix variation:
[2026-07-23 00:37:06] ┃     ⎡     Cells           Features    ⎤
[2026-07-23 00:37:06] ┃     ⎢     29,606          232,024     ⎥
[2026-07-23 00:37:06] ┃     ⎢    ▼ 152 ▼        ▼ 208,349 ▼   ⎥
[2026-07-23 00:37:06] ┃     ⎣     29,454           23,675     ⎦
[2026-07-23 00:37:06] ┗━━
