[2026-07-27 19:31:18] ⇡   ✔ Done.
[2026-07-27 19:31:18] ┃   ❖ Setting up conflict resolution (zeallot)...
[2026-07-27 19:31:18] ┃   ❖ Setting up parallel processing...
[2026-07-27 19:31:18] ┃    » Logging level set to: 3
[2026-07-27 19:31:18] ┃    » Logging path set to: /data/lorenzo_delitala/data/project_files/arrigoni/logs/init_cotan_5.log
[2026-07-27 19:31:18] ┗━━
[2026-07-27 19:31:18] ┏━━ INITIALIZE COTAN FROM SEURAT
[2026-07-27 19:31:20] ┃   ❖ Checking for non-integer values in counts...
[2026-07-27 19:31:29] ┃   ❖ Creating COTAN object...
[2026-07-27 19:31:29] ⇣   ▶ COTAN()
[2026-07-27 19:31:32] ⇡   ✔ Done.
[2026-07-27 19:31:32] ┃   ❖ Initializing base metadata...
[2026-07-27 19:31:32] ⇣   ▶ initializeMetaDataset()
[2026-07-27 19:31:32]       ◦ GEO: GSE243665 ◦ sequencingMethod: 10xv1 ◦ sampleCondition: Arrigoni2023
[2026-07-27 19:31:32] Initializing `COTAN` meta-data
[2026-07-27 19:31:32] ⇡   ✔ Done.
[2026-07-27 19:31:32] ┃   ❖ Matrix snapshot:
[2026-07-27 19:31:32] ┃     ⎡     Cells           Features    ⎤
[2026-07-27 19:31:32] ┃     ⎣    488,342          232,024     ⎦
[2026-07-27 19:31:32] ┗━━
[2026-07-27 19:31:32] ┏━━ FLAG VALID CELLS FROM TSV
[2026-07-27 19:31:32] ┃   ❖ Getting flagging vector...
[2026-07-27 19:31:32] ┃   ┏━━ GET UNIFORM VECTOR
[2026-07-27 19:31:32] ┃   ┃   ❖ Retrieving the data...
[2026-07-27 19:31:32] ┃   ┃   ❖ Creating the vector...
[2026-07-27 19:31:32] ┃   ┃    » TSV file path: /data/lorenzo_delitala/data/project_files/arrigoni/GSE243665_combined_QC_barcodes.tsv
[2026-07-27 19:31:32] ┃   ┗━━
[2026-07-27 19:31:32] ┃   ❖ Updating cell condition...
[2026-07-27 19:31:32] ┃   ┏━━ UPDATE CELL CONDITION
[2026-07-27 19:31:32] ┃   ┃   ❖ Creating new condition...
[2026-07-27 19:31:32] ┃   ┃   ❖ Stripping suffixes...
[2026-07-27 19:31:32] ┃   ┃   ❖ Finding matching barcodes...
[2026-07-27 19:31:33] ┃   ┃   ❖ Adding Condition...
[2026-07-27 19:31:33] ┃   ⇣   ▶ addCondition()
[2026-07-27 19:31:33] ┃         ◦ condName: passed_QC
[2026-07-27 19:31:33] ┃   ⇡   ✔ Done.
[2026-07-27 19:31:33] ┃   ┃    » Cells updated:   29,606
[2026-07-27 19:31:33] ┃   ┗━━
[2026-07-27 19:31:33] ┗━━
[2026-07-27 19:31:33] ┏━━ FILTER COTAN BY CONDITION
[2026-07-27 19:31:33] ┃   ❖ Looking for cells that do not respect the condition...
[2026-07-27 19:31:33] ┃   ❖ Dropping cells...
[2026-07-27 19:31:33] ⇣   ▶ dropGenesCells()
[2026-07-27 19:31:33] Asked to drop 0 genes and 458736 cells
[2026-07-27 19:31:36] ⇡   ✔ Done.
[2026-07-27 19:31:36] ┃    » Condition name: passed_QC
[2026-07-27 19:31:36] ┃    » Condition value: TRUE
[2026-07-27 19:31:36] ┃   ❖ Matrix variation:
[2026-07-27 19:31:36] ┃     ⎡     Cells           Features    ⎤
[2026-07-27 19:31:36] ┃     ⎢    488,342          232,024     ⎥
[2026-07-27 19:31:36] ┃     ⎢  ▼ 458,736 ▼           0        ⎥
[2026-07-27 19:31:36] ┃     ⎣     29,606          232,024     ⎦
[2026-07-27 19:31:36] ┗━━
[2026-07-27 19:31:36] ┏━━ ADD CELL TYPES FROM TSV
[2026-07-27 19:31:36] ┃   ❖ Getting vectors...
[2026-07-27 19:31:36] ┃   ┏━━ GET UNIFORM VECTOR
[2026-07-27 19:31:36] ┃   ┃   ❖ Retrieving the data...
[2026-07-27 19:31:36] ┃   ┃   ❖ Creating the vector...
[2026-07-27 19:31:36] ┃   ┃    » TSV file path: /data/lorenzo_delitala/data/geo_metadata/arrigoni/GSE243665_A549_barcodes.tsv.gz
[2026-07-27 19:31:36] ┃   ┗━━
[2026-07-27 19:31:36] ┃   ┏━━ GET UNIFORM VECTOR
[2026-07-27 19:31:36] ┃   ┃   ❖ Retrieving the data...
[2026-07-27 19:31:36] ┃   ┃   ❖ Creating the vector...
[2026-07-27 19:31:36] ┃   ┃    » TSV file path: /data/lorenzo_delitala/data/geo_metadata/arrigoni/GSE243665_CCL-185-IG_barcodes.tsv.gz
[2026-07-27 19:31:36] ┃   ┗━━
[2026-07-27 19:31:36] ┃   ┏━━ GET UNIFORM VECTOR
[2026-07-27 19:31:36] ┃   ┃   ❖ Retrieving the data...
[2026-07-27 19:31:36] ┃   ┃   ❖ Creating the vector...
[2026-07-27 19:31:36] ┃   ┃    » TSV file path: /data/lorenzo_delitala/data/geo_metadata/arrigoni/GSE243665_CRL5868_barcodes.tsv.gz
[2026-07-27 19:31:36] ┃   ┗━━
[2026-07-27 19:31:36] ┃   ┏━━ GET UNIFORM VECTOR
[2026-07-27 19:31:36] ┃   ┃   ❖ Retrieving the data...
[2026-07-27 19:31:36] ┃   ┃   ❖ Creating the vector...
[2026-07-27 19:31:36] ┃   ┃    » TSV file path: /data/lorenzo_delitala/data/geo_metadata/arrigoni/GSE243665_DV90_barcodes.tsv.gz
[2026-07-27 19:31:36] ┃   ┗━━
[2026-07-27 19:31:36] ┃   ┏━━ GET UNIFORM VECTOR
[2026-07-27 19:31:36] ┃   ┃   ❖ Retrieving the data...
[2026-07-27 19:31:36] ┃   ┃   ❖ Creating the vector...
[2026-07-27 19:31:36] ┃   ┃    » TSV file path: /data/lorenzo_delitala/data/geo_metadata/arrigoni/GSE243665_HCC78_barcodes.tsv.gz
[2026-07-27 19:31:36] ┃   ┗━━
[2026-07-27 19:31:36] ┃   ┏━━ GET UNIFORM VECTOR
[2026-07-27 19:31:36] ┃   ┃   ❖ Retrieving the data...
[2026-07-27 19:31:36] ┃   ┃   ❖ Creating the vector...
[2026-07-27 19:31:36] ┃   ┃    » TSV file path: /data/lorenzo_delitala/data/geo_metadata/arrigoni/GSE243665_HTB178_barcodes.tsv.gz
[2026-07-27 19:31:36] ┃   ┗━━
[2026-07-27 19:31:36] ┃   ┏━━ GET UNIFORM VECTOR
[2026-07-27 19:31:36] ┃   ┃   ❖ Retrieving the data...
[2026-07-27 19:31:36] ┃   ┃   ❖ Creating the vector...
[2026-07-27 19:31:36] ┃   ┃    » TSV file path: /data/lorenzo_delitala/data/geo_metadata/arrigoni/GSE243665_PBMCs_barcodes.tsv.gz
[2026-07-27 19:31:36] ┃   ┗━━
[2026-07-27 19:31:36] ┃   ┏━━ GET UNIFORM VECTOR
[2026-07-27 19:31:36] ┃   ┃   ❖ Retrieving the data...
[2026-07-27 19:31:36] ┃   ┃   ❖ Creating the vector...
[2026-07-27 19:31:36] ┃   ┃    » TSV file path: /data/lorenzo_delitala/data/geo_metadata/arrigoni/GSE243665_PC9_barcodes.tsv.gz
[2026-07-27 19:31:36] ┃   ┗━━
[2026-07-27 19:31:36] ┃   ❖ Updating cell clusterization...
[2026-07-27 19:31:36] ┃   ┏━━ UPDATE CELL CLUSTERIZATION
[2026-07-27 19:31:36] ┃   ┃   ❖ Retrieving existing clusterizations...
[2026-07-27 19:31:36] ┃   ┃   ❖ Creating new clusterization...
[2026-07-27 19:31:36] ┃   ┃   ❖ Looking for matching barcodes...
[2026-07-27 19:31:36] ┃   ⇣   ▶ addClusterization()
[2026-07-27 19:31:36] ┃         ◦ clName: Known_Cell_Types
[2026-07-27 19:31:36] ┃   ⇡   ✔ Done.
[2026-07-27 19:31:36] ┃   ┃    » Cells updated:   29,606
[2026-07-27 19:31:36] ┃   ┗━━
[2026-07-27 19:31:36] ┗━━
[2026-07-27 19:31:36] ┏━━ ADD GENE INFO FROM T2G
[2026-07-27 19:31:36] ┃   ❖ Getting mapping vector...
[2026-07-27 19:31:36] ┃   ┏━━ GET MAPPING VECTOR
[2026-07-27 19:31:36] ┃   ┃   ❖ Retrieving the data...
[2026-07-27 19:31:37] ┃   ┃   ❖ Creating the vector...
[2026-07-27 19:31:37] ┃   ┃    » TSV file path: /data/lorenzo_delitala/data/genomes/GRCh38/gene_index/index/t2g_3col.tsv
[2026-07-27 19:31:37] ┃   ┗━━
[2026-07-27 19:31:37] ┃   ❖ Adding genes metadata...
[2026-07-27 19:31:37] ┃   ┏━━ ADD GENES METADATA
[2026-07-27 19:31:37] ┃   ┃   ❖ Aligning data to transcripts...
[2026-07-27 19:31:37] ┃   ┃   ❖ Setting column in metadata dataframe...
[2026-07-27 19:31:37] ┃   ⇣   ▶ setColumnInDF()
[2026-07-27 19:31:37] ┃         ◦ colName: gene_id
[2026-07-27 19:31:37] ┃   ⇡   ✔ Done.
[2026-07-27 19:31:37] ┃   ┃    » Transcripts targeted:  232,024
[2026-07-27 19:31:37] ┃   ┗━━
[2026-07-27 19:31:37] ┗━━
[2026-07-27 19:31:37] ┏━━ ADD GENE INFO FROM T2G
[2026-07-27 19:31:37] ┃   ❖ Getting mapping vector...
[2026-07-27 19:31:37] ┃   ┏━━ GET MAPPING VECTOR
[2026-07-27 19:31:37] ┃   ┃   ❖ Retrieving the data...
[2026-07-27 19:31:37] ┃   ┃   ❖ Creating the vector...
[2026-07-27 19:31:37] ┃   ┃    » TSV file path: /data/lorenzo_delitala/data/project_files/arrigoni/t2gene_name.tsv
[2026-07-27 19:31:37] ┃   ┗━━
[2026-07-27 19:31:37] ┃   ❖ Adding genes metadata...
[2026-07-27 19:31:37] ┃   ┏━━ ADD GENES METADATA
[2026-07-27 19:31:37] ┃   ┃   ❖ Aligning data to transcripts...
[2026-07-27 19:31:37] ┃   ┃   ❖ Setting column in metadata dataframe...
[2026-07-27 19:31:37] ┃   ⇣   ▶ setColumnInDF()
[2026-07-27 19:31:37] ┃         ◦ colName: gene_name
[2026-07-27 19:31:37] ┃   ⇡   ✔ Done.
[2026-07-27 19:31:37] ┃   ┃    » Transcripts targeted:  232,024
[2026-07-27 19:31:37] ┃   ┗━━
[2026-07-27 19:31:37] ┗━━
[2026-07-27 19:31:37] ┏━━ CLEAN COTAN DATA
[2026-07-27 19:31:37] ⇣   ▶ clean()
[2026-07-27 19:31:37]       ◦ cellsCutoff: 0.003 ◦ genesCutoff: 0.002 ◦ cellsThreshold: 0.99 ◦ genesThreshold: 0.99
[2026-07-27 19:31:39] Asked to drop 208349 genes and 0 cells
[2026-07-27 19:31:42] Asked to drop 0 genes and 152 cells
[2026-07-27 19:31:44] Genes/cells selection done: dropped [208349] genes and [152] cells
[2026-07-27 19:31:44] Working on [23675] genes and [29454] cells
[2026-07-27 19:31:45] ⇡   ✔ Done.
[2026-07-27 19:31:45] ┃   ❖ Saving COTAN object...
[2026-07-27 19:31:45] ┃   ┏━━ SAVE OBJECT
[2026-07-27 19:31:45] ┃   ┃    » Saving object at: /data/lorenzo_delitala/data/project_files/arrigoni/initialized.cotan.rds
[2026-07-27 19:32:08] ┃   ┗━━
[2026-07-27 19:32:08] ┃   ❖ Matrix variation:
[2026-07-27 19:32:08] ┃     ⎡     Cells           Features    ⎤
[2026-07-27 19:32:08] ┃     ⎢     29,606          232,024     ⎥
[2026-07-27 19:32:08] ┃     ⎢    ▼ 152 ▼        ▼ 208,349 ▼   ⎥
[2026-07-27 19:32:08] ┃     ⎣     29,454           23,675     ⎦
[2026-07-27 19:32:08] ┗━━
