[2026-07-22 23:49:03] ⇡   ✔ Done.
[2026-07-22 23:49:03] ┃   ❖ Setting up conflict resolution (zeallot)...
[2026-07-22 23:49:03] ┃   ❖ Setting up parallel processing...
[2026-07-22 23:49:03] ┃    » Logging level set to: 3
[2026-07-22 23:49:03] ┃    » Logging path set to: /data/lorenzo_delitala/data/project_files/arrigoni/logs/prepare_seurat.log
[2026-07-22 23:49:03] ┗━━
[2026-07-22 23:49:03] ┏━━ CLEAN SIMPLEAF BARCODES
[2026-07-22 23:49:04] ┃   ❖ Processing cell names...
[2026-07-22 23:49:05] ┃   ❖ Creating b2sample mapping...
[2026-07-22 23:49:05] ┃   ❖ Renaming cells in Seurat object...
[2026-07-22 23:49:06] ┃    » Total cells renamed: 619707
[2026-07-22 23:49:06] ┃    » Duplicate barcodes found: 0
[2026-07-22 23:49:06] ┗━━
[2026-07-22 23:49:06] ┏━━ FILTER SPLICED TRANSCRIPTS
[2026-07-22 23:49:06] ┃   ❖ Filtering features by prefix...
[2026-07-22 23:49:06] ┃   ❖ Checking for cells that became empty due to feature removal...
[2026-07-22 23:49:26] ┃   ❖ Removing empty cells...
[2026-07-22 23:49:58] ┃    » Filter prefix: '^ENST'
[2026-07-22 23:49:58] ┃   ❖ Matrix variation:
[2026-07-22 23:49:58] ┃     ⎡     Cells           Features    ⎤
[2026-07-22 23:49:58] ┃     ⎢    619,707          308,622     ⎥
[2026-07-22 23:49:58] ┃     ⎢  ▼ 130,208 ▼       ▼ 76,598 ▼   ⎥
[2026-07-22 23:49:58] ┃     ⎣    489,499          232,024     ⎦
[2026-07-22 23:49:58] ┗━━
[2026-07-22 23:49:58] ┏━━ ROUND SEURAT COUNTS
[2026-07-22 23:49:58] ┃   ❖ Extracting counts from assay...
[2026-07-22 23:50:04] ┃   ❖ Rounding decimal values to integers...
[2026-07-22 23:50:15] ┃   ❖ Dropping explicit zeros...
[2026-07-22 23:50:17] ┃   ❖ Updating Seurat object with rounded counts...
[2026-07-22 23:50:19] ┃   ❖ Removing cells that became completely empty after rounding...
[2026-07-22 23:50:34] ┃   ❖ Saving Seurat object...
[2026-07-22 23:50:34] ┃   ┏━━ SAVE OBJECT
[2026-07-22 23:50:34] ┃   ┃    » Saving object at: /data/lorenzo_delitala/data/project_files/arrigoni/ready_to_coex.seurat.rds
[2026-07-22 23:52:47] ┃   ┗━━
[2026-07-22 23:52:47] ┃    » Assay: 'RNA'
[2026-07-22 23:52:47] ┃   ❖ Matrix variation:
[2026-07-22 23:52:47] ┃     ⎡     Cells           Features    ⎤
[2026-07-22 23:52:47] ┃     ⎢    489,499          232,024     ⎥
[2026-07-22 23:52:47] ┃     ⎢   ▼ 1,157 ▼            0        ⎥
[2026-07-22 23:52:47] ┃     ⎣    488,342          232,024     ⎦
[2026-07-22 23:52:47] ┗━━
