[2026-07-27 19:14:07] ⇡   ✔ Done.
[2026-07-27 19:14:07] ┃   ❖ Setting up conflict resolution (zeallot)...
[2026-07-27 19:14:07] ┃   ❖ Setting up parallel processing...
[2026-07-27 19:14:07] ┃    » Logging level set to: 3
[2026-07-27 19:14:07] ┃    » Logging path set to: /data/lorenzo_delitala/data/project_files/arrigoni/logs/prepare_seurat_1.log
[2026-07-27 19:14:07] ┗━━
[2026-07-27 19:14:07] ┏━━ CLEAN SIMPLEAF BARCODES
[2026-07-27 19:14:07] ┃   ❖ Processing cell names...
[2026-07-27 19:14:08] ┃   ❖ Creating b2sample mapping...
[2026-07-27 19:14:08] ┃   ❖ Renaming cells in Seurat object...
[2026-07-27 19:14:09] ┃    » Total cells renamed: 619707
[2026-07-27 19:14:09] ┃    » Duplicate barcodes found: 0
[2026-07-27 19:14:09] ┗━━
[2026-07-27 19:14:09] ┏━━ FILTER SPLICED TRANSCRIPTS
[2026-07-27 19:14:09] ┃   ❖ Filtering features by prefix...
[2026-07-27 19:14:09] ┃   ❖ Checking for cells that became empty due to feature removal...
[2026-07-27 19:14:26] ┃   ❖ Removing empty cells...
[2026-07-27 19:14:58] ┃    » Filter prefix: '^ENST'
[2026-07-27 19:14:58] ┃   ❖ Matrix variation:
[2026-07-27 19:14:58] ┃     ⎡     Cells           Features    ⎤
[2026-07-27 19:14:58] ┃     ⎢    619,707          308,622     ⎥
[2026-07-27 19:14:58] ┃     ⎢  ▼ 130,208 ▼       ▼ 76,598 ▼   ⎥
[2026-07-27 19:14:58] ┃     ⎣    489,499          232,024     ⎦
[2026-07-27 19:14:58] ┗━━
[2026-07-27 19:14:58] ┏━━ ROUND SEURAT COUNTS
[2026-07-27 19:14:58] ┃   ❖ Extracting counts from assay...
[2026-07-27 19:15:04] ┃   ❖ Rounding decimal values to integers...
[2026-07-27 19:15:15] ┃   ❖ Dropping explicit zeros...
[2026-07-27 19:15:17] ┃   ❖ Updating Seurat object with rounded counts...
[2026-07-27 19:15:18] ┃   ❖ Removing cells that became completely empty after rounding...
[2026-07-27 19:15:33] ┃   ❖ Saving Seurat object...
[2026-07-27 19:15:33] ┃   ┏━━ SAVE OBJECT
[2026-07-27 19:15:33] ┃   ┃    » Saving object at: /data/lorenzo_delitala/data/project_files/arrigoni/ready_to_coex.seurat.rds
[2026-07-27 19:17:46] ┃   ┗━━
[2026-07-27 19:17:46] ┃    » Assay: 'RNA'
[2026-07-27 19:17:46] ┃   ❖ Matrix variation:
[2026-07-27 19:17:46] ┃     ⎡     Cells           Features    ⎤
[2026-07-27 19:17:46] ┃     ⎢    489,499          232,024     ⎥
[2026-07-27 19:17:46] ┃     ⎢   ▼ 1,157 ▼            0        ⎥
[2026-07-27 19:17:46] ┃     ⎣    488,342          232,024     ⎦
[2026-07-27 19:17:46] ┗━━
