[2026-07-24 12:59:32] ⇡   ✔ Done.
[2026-07-24 12:59:32] ┃   ❖ Setting up conflict resolution (zeallot)...
[2026-07-24 12:59:32] ┃   ❖ Setting up parallel processing...
[2026-07-24 12:59:32] ┃    » Logging level set to: 3
[2026-07-24 12:59:32] ┃    » Logging path set to: /data/lorenzo_delitala/data/project_files/ding/cortex_2/logs/compare_clusters_4.log
[2026-07-24 12:59:32] ┗━━
[2026-07-24 12:59:32] ❖ Loading COTAN objects...
[2026-07-24 13:00:10] ❖ Checking available clusterizations...
[2026-07-24 13:00:10]  » Available clusterizations in genes object: split, local_gene_cluster
[2026-07-24 13:00:10]  » Available clusterizations in transcripts object: split, merged
[2026-07-24 13:00:10] ❖ Extracting clusters from the COTAN objects...
[2026-07-24 13:00:10] ❖ Finding common cells (barcodes) to align the two clusterizations...
[2026-07-24 13:00:10] ❖ Found 4077 common cells between the two objects.
[2026-07-24 13:00:10] ❖ Calculating the confusion matrix for the aligned cells...
[2026-07-24 13:00:10] ❖ Confusion matrix calculated successfully. Printing matrix to console:
[2026-07-24 13:00:10] ❖ Generating heatmap...
[2026-07-24 13:00:10]  » Saving heatmap to: /data/lorenzo_delitala/data/project_files/ding/cortex_2/plots/heatmap_genes_vs_transcripts.pdf
[2026-07-24 13:00:10] ❖ Heatmap successfully saved.
[2026-07-24 13:00:10] ❖ Calculating the Adjusted Rand Index (ARI) to evaluate cluster similarity...
[2026-07-24 13:00:10]  » Adjusted Rand Index (ARI) score: 0.2966
[2026-07-24 13:00:10] ❖ Script execution completed.
