[2026-07-24 13:11:46] ⇡   ✔ Done.
[2026-07-24 13:11:46] ┃   ❖ Setting up conflict resolution (zeallot)...
[2026-07-24 13:11:46] ┃   ❖ Setting up parallel processing...
[2026-07-24 13:11:46] ┃    » Logging level set to: 3
[2026-07-24 13:11:46] ┃    » Logging path set to: /data/lorenzo_delitala/data/project_files/ding/cortex_2/logs/compare_and_align_clusters.log
[2026-07-24 13:11:46] ┗━━
[2026-07-24 13:11:46] ❖ Loading COTAN objects...
[2026-07-24 13:12:24] ❖ Checking available clusterizations...
[2026-07-24 13:12:24]  » Available clusterizations in genes object: split, local_gene_cluster
[2026-07-24 13:12:24]  » Available clusterizations in transcripts object: split, merged
[2026-07-24 13:12:24] ❖ Extracting clusters from the COTAN objects...
[2026-07-24 13:12:24] ❖ Finding common cells (barcodes) to align the two clusterizations...
[2026-07-24 13:12:24]  » Found 4077 common cells between the two objects.
[2026-07-24 13:12:24] ❖ Calculating initial confusion matrix...
[2026-07-24 13:12:24] ❖ Generating new nomenclature for Transcript clusters...
[2026-07-24 13:12:24] ❖ Mapping dictionary created:
[2026-07-24 13:12:24]  » Old: -1 -> New: -1
[2026-07-24 13:12:24]  » Old: 02 -> New: G04_T02
[2026-07-24 13:12:24]  » Old: 03 -> New: G05_T03
[2026-07-24 13:12:24]  » Old: 04 -> New: G05_T04
[2026-07-24 13:12:24]  » Old: 05 -> New: G02_T05
[2026-07-24 13:12:24]  » Old: 06 -> New: G03_T06
[2026-07-24 13:12:24]  » Old: 07 -> New: G13_T07
[2026-07-24 13:12:24]  » Old: 08 -> New: G15_T08
[2026-07-24 13:12:24]  » Old: 09 -> New: G10_T09
[2026-07-24 13:12:24]  » Old: 10 -> New: G12_T10
[2026-07-24 13:12:24]  » Old: 11 -> New: G12_T11
[2026-07-24 13:12:24]  » Old: 12 -> New: G07_T12
[2026-07-24 13:12:24] ❖ Applying new nomenclature to transcript cells...
[2026-07-24 13:12:24] ❖ Saving the aligned clusterization back into the Transcript COTAN object...
[2026-07-24 13:12:24]  » Saving updated Transcript COTAN object to /data/lorenzo_delitala/data/project_files/ding/cortex_2/objects/clustered.transcript.aligned.rds
[2026-07-24 13:14:06] ❖ Recomputing confusion matrix with aligned names and ordering rows/cols...
[2026-07-24 13:14:06] ❖ Generating ordered heatmap...
[2026-07-24 13:14:06]  » Saving heatmap to: /data/lorenzo_delitala/data/project_files/ding/cortex_2/plots/heatmap_genes_vs_transcripts_aligned.pdf
[2026-07-24 13:14:07] ❖ Heatmap successfully saved.
[2026-07-24 13:14:07] ❖ Calculating the Adjusted Rand Index (ARI) to evaluate cluster similarity...
[2026-07-24 13:14:07]  » Adjusted Rand Index (ARI) score: 0.2966
[2026-07-24 13:14:07] ┗━━
