[2026-07-24 14:24:03] ⇡   ✔ Done.
[2026-07-24 14:24:03] ┃   ❖ Setting up conflict resolution (zeallot)...
[2026-07-24 14:24:03] ┃   ❖ Setting up parallel processing...
[2026-07-24 14:24:03] ┃    » Logging level set to: 3
[2026-07-24 14:24:03] ┃    » Logging path set to: /data/lorenzo_delitala/data/project_files/ding/cortex_2/logs/compare_dtu_4.log
[2026-07-24 14:24:03] ┗━━
[2026-07-24 14:24:03] ┏━━ COMPARE DTU CANDIDATES
[2026-07-24 14:24:03] ┃   ❖ Loading DTU candidate files...
[2026-07-24 14:24:03] ┃   ❖ Defining helper function to create order-independent DTU IDs...
[2026-07-24 14:24:03] ┃   ❖ Applying unique IDs to both datasets...
[2026-07-24 14:24:03] ┃   ❖ Identifying shared and exclusive DTU events...
[2026-07-24 14:24:03] ┃    » Total candidates in File 1: 41
[2026-07-24 14:24:03] ┃    » Total candidates in File 2: 40
[2026-07-24 14:24:03] ┃    » SHARED DTU events: 39
[2026-07-24 14:24:03] ┃    » EXCLUSIVE DTU events in File 1: 2
[2026-07-24 14:24:03] ┃    » EXCLUSIVE DTU events in File 2: 1
[2026-07-24 14:24:03] ┃   ❖ Calculating COEX differences for shared events...
[2026-07-24 14:24:03] ┃    » Mean COEX_Score difference for shared events: 0.0000
[2026-07-24 14:24:03] ┃   ❖ Saving results to directory: /data/lorenzo_delitala/data/project_files/ding/cortex_2
[2026-07-24 14:24:03] ┗━━
