[2026-07-27 20:21:54] ⇡   ✔ Done.
[2026-07-27 20:21:54] ┃   ❖ Setting up conflict resolution (zeallot)...
[2026-07-27 20:21:54] ┃   ❖ Setting up parallel processing...
[2026-07-27 20:21:54] ┃    » Logging level set to: 3
[2026-07-27 20:21:54] ┃    » Logging path set to: /data/lorenzo_delitala/data/project_files/ding/cortex_2/logs/compare_clusters_5.log
[2026-07-27 20:21:54] ┗━━
[2026-07-27 20:21:54] ❖ Loading COTAN objects...
[2026-07-27 20:22:33] ❖ Checking available clusterizations...
[2026-07-27 20:22:33]  » Available clusterizations in genes object: split, local_gene_cluster
[2026-07-27 20:22:33]  » Available clusterizations in transcripts object: split, merged
[2026-07-27 20:22:33] ❖ Extracting clusters from the COTAN objects...
[2026-07-27 20:22:33] ❖ Finding common cells (barcodes) to align the two clusterizations...
[2026-07-27 20:22:33] ❖ Found 4077 common cells between the two objects.
[2026-07-27 20:22:33] ❖ Calculating the confusion matrix for the aligned cells...
[2026-07-27 20:22:33] ❖ Confusion matrix calculated successfully. Printing matrix to console:
[2026-07-27 20:22:33] ❖ Generating heatmap...
[2026-07-27 20:22:33]  » Saving heatmap to: /data/lorenzo_delitala/data/project_files/ding/cortex_2/plots/heatmap_genes_vs_transcripts.pdf
[2026-07-27 20:22:34] ❖ Heatmap successfully saved.
[2026-07-27 20:22:34] ❖ Calculating the Adjusted Rand Index (ARI) to evaluate cluster similarity...
[2026-07-27 20:22:34]  » Adjusted Rand Index (ARI) score: 0.2966
[2026-07-27 20:22:34] ❖ Script execution completed.
