[2026-07-24 14:26:27] ⇡   ✔ Done.
[2026-07-24 14:26:27] ┃   ❖ Setting up conflict resolution (zeallot)...
[2026-07-24 14:26:27] ┃   ❖ Setting up parallel processing...
[2026-07-24 14:26:27] ┃    » Logging level set to: 3
[2026-07-24 14:26:27] ┃    » Logging path set to: /data/lorenzo_delitala/data/project_files/ding/cortex_2/logs/compare_dtu_5.log
[2026-07-24 14:26:27] ┗━━
[2026-07-24 14:26:27] ┏━━ COMPARE DTU CANDIDATES
[2026-07-24 14:26:27] ┃   ❖ Loading DTU candidate files...
[2026-07-24 14:26:27] ┃   ❖ Defining helper function to create order-independent DTU IDs...
[2026-07-24 14:26:27] ┃   ❖ Applying unique IDs to both datasets...
[2026-07-24 14:26:27] ┃   ❖ Identifying shared and exclusive DTU events...
[2026-07-24 14:26:27] ┃    » Total candidates in File 1: 42
[2026-07-24 14:26:27] ┃    » Total candidates in File 2: 43
[2026-07-24 14:26:27] ┃    » SHARED DTU events: 39
[2026-07-24 14:26:27] ┃    » EXCLUSIVE DTU events in File 1: 3
[2026-07-24 14:26:27] ┃    » EXCLUSIVE DTU events in File 2: 4
[2026-07-24 14:26:27] ┃   ❖ Calculating COEX differences for shared events...
[2026-07-24 14:26:27] ┃    » Mean COEX_Score difference for shared events: 0.0000
[2026-07-24 14:26:27] ┃   ❖ Saving results to directory: /data/lorenzo_delitala/data/project_files/ding/cortex_2
[2026-07-24 14:26:27] ┗━━
