[2026-07-24 14:03:08] ⇡   ✔ Done.
[2026-07-24 14:03:08] ┃   ❖ Setting up conflict resolution (zeallot)...
[2026-07-24 14:03:08] ┃   ❖ Setting up parallel processing...
[2026-07-24 14:03:08] ┃    » Logging level set to: 3
[2026-07-24 14:03:08] ┃    » Logging path set to: /data/lorenzo_delitala/data/project_files/ding/cortex_2/logs/cotan_calc_5.log
[2026-07-24 14:03:08] ┗━━
[2026-07-24 14:03:08] ┏━━ DEA ON CLUSTERS
[2026-07-24 14:03:08] ⇣   ▶ DEAOnClusters()
[2026-07-24 14:03:08]       ◦ clName: merged
[2026-07-24 14:03:08] Differential Expression Analysis - START
[2026-07-24 14:03:10] *[2026-07-24 14:03:10]  DEA on cluster '-1' with 21 cells
[2026-07-24 14:03:10] *[2026-07-24 14:03:10]  DEA on cluster '02' with 279 cells
[2026-07-24 14:03:11] *[2026-07-24 14:03:11]  DEA on cluster '03' with 104 cells
[2026-07-24 14:03:11] *[2026-07-24 14:03:11]  DEA on cluster '04' with 575 cells
[2026-07-24 14:03:11] *[2026-07-24 14:03:11]  DEA on cluster '05' with 192 cells
[2026-07-24 14:03:11] *[2026-07-24 14:03:11]  DEA on cluster '06' with 123 cells
[2026-07-24 14:03:11] *[2026-07-24 14:03:11]  DEA on cluster '07' with 552 cells
[2026-07-24 14:03:11] *[2026-07-24 14:03:11]  DEA on cluster '08' with 269 cells
[2026-07-24 14:03:12] *[2026-07-24 14:03:12]  DEA on cluster '09' with 703 cells
[2026-07-24 14:03:12] *[2026-07-24 14:03:12]  DEA on cluster '10' with 634 cells
[2026-07-24 14:03:12] *[2026-07-24 14:03:12]  DEA on cluster '11' with 572 cells
[2026-07-24 14:03:12] *[2026-07-24 14:03:12]  DEA on cluster '12' with 53 cells
[2026-07-24 14:03:12] 
[2026-07-24 14:03:12] Total calculations elapsed time: 3.92031407356262
[2026-07-24 14:03:12] Differential Expression Analysis - DONE
[2026-07-24 14:03:12] ⇡   ✔ Done.
[2026-07-24 14:03:12] ┗━━
[2026-07-24 14:03:12] ┏━━ DEA ON CLUSTERS
[2026-07-24 14:03:12] ⇣   ▶ DEAOnClusters()
[2026-07-24 14:03:12]       ◦ clName: local_gene_cluster
[2026-07-24 14:03:12] Differential Expression Analysis - START
[2026-07-24 14:03:14] *[2026-07-24 14:03:14]  DEA on cluster '-1' with 248 cells
[2026-07-24 14:03:14] *[2026-07-24 14:03:14]  DEA on cluster '02' with 190 cells
[2026-07-24 14:03:14] *[2026-07-24 14:03:14]  DEA on cluster '03' with 50 cells
[2026-07-24 14:03:14] *[2026-07-24 14:03:14]  DEA on cluster '04' with 278 cells
[2026-07-24 14:03:14] *[2026-07-24 14:03:14]  DEA on cluster '05' with 392 cells
[2026-07-24 14:03:14] *[2026-07-24 14:03:14]  DEA on cluster '06' with 131 cells
[2026-07-24 14:03:14] *[2026-07-24 14:03:14]  DEA on cluster '07' with 124 cells
[2026-07-24 14:03:14] *[2026-07-24 14:03:14]  DEA on cluster '08' with 338 cells
[2026-07-24 14:03:14] *[2026-07-24 14:03:14]  DEA on cluster '09' with 52 cells
[2026-07-24 14:03:14] *[2026-07-24 14:03:14]  DEA on cluster '10' with 426 cells
[2026-07-24 14:03:14] *[2026-07-24 14:03:14]  DEA on cluster '11' with 402 cells
[2026-07-24 14:03:14] *[2026-07-24 14:03:14]  DEA on cluster '12' with 643 cells
[2026-07-24 14:03:14] *[2026-07-24 14:03:14]  DEA on cluster '13' with 253 cells
[2026-07-24 14:03:14] *[2026-07-24 14:03:14]  DEA on cluster '14' with 145 cells
[2026-07-24 14:03:14] *[2026-07-24 14:03:14]  DEA on cluster '15' with 405 cells
[2026-07-24 14:03:14] 
[2026-07-24 14:03:14] Total calculations elapsed time: 2.55705332756042
[2026-07-24 14:03:14] Differential Expression Analysis - DONE
[2026-07-24 14:03:14] ⇡   ✔ Done.
[2026-07-24 14:03:14] ┗━━
