[2026-07-24 10:45:23] ⇡   ✔ Done.
[2026-07-24 10:45:23] ┃   ❖ Setting up conflict resolution (zeallot)...
[2026-07-24 10:45:23] ┃   ❖ Setting up parallel processing...
[2026-07-24 10:45:23] ┃    » Logging level set to: 3
[2026-07-24 10:45:23] ┃    » Logging path set to: /data/lorenzo_delitala/data/project_files/ding/cortex_2/logs/init.gene_1.log
[2026-07-24 10:45:23] ┗━━
[2026-07-24 10:45:23]  » Count Matrix path: /data/lorenzo_delitala/data/geo_metadata/ding/cortex_2/GSE132044_cortex_mm10_count_matrix.mtx.gz
[2026-07-24 10:45:23]  » Genes names path: /data/lorenzo_delitala/data/geo_metadata/ding/cortex_2/GSE132044_cortex_mm10_gene.tsv.gz
[2026-07-24 10:45:23]  » Cells barcodes path: /data/lorenzo_delitala/data/geo_metadata/ding/cortex_2/GSE132044_cortex_mm10_cell.tsv.gz.1
[2026-07-24 10:45:23] ❖ Loading Gene Matrix data...
[2026-07-24 10:45:39] ❖ Assigning names to matrix...
[2026-07-24 10:45:39] ❖ Isolating "Cortex2 10x-Chromium-V2" cells...
[2026-07-24 10:45:42] ❖ Cleaning names...
[2026-07-24 10:45:42] ❖ Initializing COTAN object...
[2026-07-24 10:45:42] ⇣   ▶ initializeMetaDataset()
[2026-07-24 10:45:42]       ◦ GEO: GSE132044 ◦ sequencingMethod: 10XV2 ◦ sampleCondition: Cortex2
[2026-07-24 10:45:42] Initializing `COTAN` meta-data
[2026-07-24 10:45:42] ⇡   ✔ Done.
[2026-07-24 10:45:42] ❖ Matrix snapshot:
[2026-07-24 10:45:42]   ⎡     Cells           Features    ⎤
[2026-07-24 10:45:42]   ⎣     4,091            28,692     ⎦
