[2026-07-24 11:18:58] ⇡   ✔ Done.
[2026-07-24 11:18:58] ┃   ❖ Setting up conflict resolution (zeallot)...
[2026-07-24 11:18:58] ┃   ❖ Setting up parallel processing...
[2026-07-24 11:18:58] ┃    » Logging level set to: 3
[2026-07-24 11:18:58] ┃    » Logging path set to: /data/lorenzo_delitala/data/project_files/ding/cortex_2/logs/init.gene_4.log
[2026-07-24 11:18:58] ┗━━
[2026-07-24 11:18:58]  » Count Matrix path: /data/lorenzo_delitala/data/geo_metadata/ding/cortex_2/GSE132044_cortex_mm10_count_matrix.mtx.gz
[2026-07-24 11:18:58]  » Genes names path: /data/lorenzo_delitala/data/geo_metadata/ding/cortex_2/GSE132044_cortex_mm10_gene.tsv.gz
[2026-07-24 11:18:58]  » Cells barcodes path: /data/lorenzo_delitala/data/geo_metadata/ding/cortex_2/GSE132044_cortex_mm10_cell.tsv.gz.1
[2026-07-24 11:18:58] ❖ Loading Gene Matrix data...
[2026-07-24 11:19:14] ❖ Assigning names to matrix...
[2026-07-24 11:19:14] ❖ Isolating "Cortex2 10x-Chromium-V2" cells...
[2026-07-24 11:19:17] ❖ Cleaning names...
[2026-07-24 11:19:17] ❖ Initializing COTAN object...
[2026-07-24 11:19:17] ⇣   ▶ initializeMetaDataset()
[2026-07-24 11:19:17]       ◦ GEO: GSE132044 ◦ sequencingMethod: 10XV2 ◦ sampleCondition: Cortex2
[2026-07-24 11:19:17] Initializing `COTAN` meta-data
[2026-07-24 11:19:17] ⇡   ✔ Done.
[2026-07-24 11:19:17] ❖ Matrix snapshot:
[2026-07-24 11:19:17]   ⎡     Cells           Features    ⎤
[2026-07-24 11:19:17]   ⎣     4,091            28,692     ⎦
[2026-07-24 11:19:17] ┏━━ CLEAN COTAN DATA
[2026-07-24 11:19:17] ⇣   ▶ clean()
[2026-07-24 11:19:17]       ◦ cellsCutoff: 0.003 ◦ genesCutoff: 0.002 ◦ cellsThreshold: 0.99 ◦ genesThreshold: 0.99
[2026-07-24 11:19:18] Asked to drop 10558 genes and 0 cells
[2026-07-24 11:19:18] Genes/cells selection done: dropped [10558] genes and [0] cells
[2026-07-24 11:19:18] Working on [18134] genes and [4091] cells
[2026-07-24 11:19:18] ⇡   ✔ Done.
[2026-07-24 11:19:18] ┃   ❖ Identifying and dropping fully-expressed genes/transcripts...
[2026-07-24 11:19:18] ┃   ❖ Found 1 fully-expressed genes/transcripts. Dropping them...
[2026-07-24 11:19:18] Asked to drop 1 genes and 0 cells
[2026-07-24 11:19:19] ┃   ❖ Saving COTAN object...
[2026-07-24 11:19:19] ┃   ┏━━ SAVE OBJECT
[2026-07-24 11:19:19] ┃   ┃    » Saving object at: /data/lorenzo_delitala/data/project_files/ding/cortex_2/objects/cleaned.gene.cotan.rds
[2026-07-24 11:19:23] ┃   ┗━━
[2026-07-24 11:19:23] ┃   ❖ Matrix variation:
[2026-07-24 11:19:23] ┃     ⎡     Cells           Features    ⎤
[2026-07-24 11:19:23] ┃     ⎢     4,091            28,692     ⎥
[2026-07-24 11:19:23] ┃     ⎢       0            ▼ 10,559 ▼   ⎥
[2026-07-24 11:19:23] ┃     ⎣     4,091            18,133     ⎦
[2026-07-24 11:19:23] ┗━━
